// Jest Snapshot v1, https://goo.gl/fbAQLP

exports[`Admin Panel tests Panel wyrenderowano 1`] = `
ShallowWrapper {
  Symbol(enzyme.__root__): [Circular],
  Symbol(enzyme.__unrendered__): <AdminPanel />,
  Symbol(enzyme.__renderer__): Object {
    "batchedUpdates": [Function],
    "getNode": [Function],
    "render": [Function],
    "simulateError": [Function],
    "simulateEvent": [Function],
    "unmount": [Function],
  },
  Symbol(enzyme.__node__): Object {
    "instance": null,
    "key": undefined,
    "nodeType": "host",
    "props": Object {
      "children": <form>
        <div
          className="form-group"
        >
          <input
            className="form-control"
            id="name"
            name="name"
            placeholder="Nazwa ksiazki"
            type="text"
          />
        </div>
        <div
          className="form-group"
        >
          <input
            className="form-control"
            id="author"
            name="author"
            placeholder="Autor"
            type="text"
          />
        </div>
        <div
          className="form-group"
        >
          <textarea
            className="form-control"
            id="description"
            name="description"
            placeholder="Opis książki"
          />
        </div>
        <div
          className="form-group"
        >
          <label
            className="form-check-label"
            htmlFor="bookOnStock"
            style={
              Object {
                "color": "white",
              }
            }
          >
            Dostępność:
             
          </label>
          <input
            className="form-check"
            id="bookOnStock"
            name="bookOnStock"
            placeholder="Dostęność książki"
            type="checkbox"
          />
        </div>
        <div
          className="form-group"
        >
          <textarea
            className="form-control"
            id="image"
            name="image"
            placeholder="Grafika"
          />
        </div>
        <button
          className="btn btn-success"
          type="submit"
        >
          Dodaj
        </button>
      </form>,
      "className": "adminpanel col-md-4",
    },
    "ref": null,
    "rendered": Object {
      "instance": null,
      "key": undefined,
      "nodeType": "host",
      "props": Object {
        "children": Array [
          <div
            className="form-group"
          >
            <input
              className="form-control"
              id="name"
              name="name"
              placeholder="Nazwa ksiazki"
              type="text"
            />
          </div>,
          <div
            className="form-group"
          >
            <input
              className="form-control"
              id="author"
              name="author"
              placeholder="Autor"
              type="text"
            />
          </div>,
          <div
            className="form-group"
          >
            <textarea
              className="form-control"
              id="description"
              name="description"
              placeholder="Opis książki"
            />
          </div>,
          <div
            className="form-group"
          >
            <label
              className="form-check-label"
              htmlFor="bookOnStock"
              style={
                Object {
                  "color": "white",
                }
              }
            >
              Dostępność:
               
            </label>
            <input
              className="form-check"
              id="bookOnStock"
              name="bookOnStock"
              placeholder="Dostęność książki"
              type="checkbox"
            />
          </div>,
          <div
            className="form-group"
          >
            <textarea
              className="form-control"
              id="image"
              name="image"
              placeholder="Grafika"
            />
          </div>,
          <button
            className="btn btn-success"
            type="submit"
          >
            Dodaj
          </button>,
        ],
      },
      "ref": null,
      "rendered": Array [
        Object {
          "instance": null,
          "key": undefined,
          "nodeType": "host",
          "props": Object {
            "children": <input
              className="form-control"
              id="name"
              name="name"
              placeholder="Nazwa ksiazki"
              type="text"
            />,
            "className": "form-group",
          },
          "ref": null,
          "rendered": Object {
            "instance": null,
            "key": undefined,
            "nodeType": "host",
            "props": Object {
              "className": "form-control",
              "id": "name",
              "name": "name",
              "placeholder": "Nazwa ksiazki",
              "type": "text",
            },
            "ref": null,
            "rendered": null,
            "type": "input",
          },
          "type": "div",
        },
        Object {
          "instance": null,
          "key": undefined,
          "nodeType": "host",
          "props": Object {
            "children": <input
              className="form-control"
              id="author"
              name="author"
              placeholder="Autor"
              type="text"
            />,
            "className": "form-group",
          },
          "ref": null,
          "rendered": Object {
            "instance": null,
            "key": undefined,
            "nodeType": "host",
            "props": Object {
              "className": "form-control",
              "id": "author",
              "name": "author",
              "placeholder": "Autor",
              "type": "text",
            },
            "ref": null,
            "rendered": null,
            "type": "input",
          },
          "type": "div",
        },
        Object {
          "instance": null,
          "key": undefined,
          "nodeType": "host",
          "props": Object {
            "children": <textarea
              className="form-control"
              id="description"
              name="description"
              placeholder="Opis książki"
            />,
            "className": "form-group",
          },
          "ref": null,
          "rendered": Object {
            "instance": null,
            "key": undefined,
            "nodeType": "host",
            "props": Object {
              "className": "form-control",
              "id": "description",
              "name": "description",
              "placeholder": "Opis książki",
            },
            "ref": null,
            "rendered": null,
            "type": "textarea",
          },
          "type": "div",
        },
        Object {
          "instance": null,
          "key": undefined,
          "nodeType": "host",
          "props": Object {
            "children": Array [
              <label
                className="form-check-label"
                htmlFor="bookOnStock"
                style={
                  Object {
                    "color": "white",
                  }
                }
              >
                Dostępność:
                 
              </label>,
              <input
                className="form-check"
                id="bookOnStock"
                name="bookOnStock"
                placeholder="Dostęność książki"
                type="checkbox"
              />,
            ],
            "className": "form-group",
          },
          "ref": null,
          "rendered": Array [
            Object {
              "instance": null,
              "key": undefined,
              "nodeType": "host",
              "props": Object {
                "children": Array [
                  "Dostępność:",
                  " ",
                ],
                "className": "form-check-label",
                "htmlFor": "bookOnStock",
                "style": Object {
                  "color": "white",
                },
              },
              "ref": null,
              "rendered": Array [
                "Dostępność:",
                " ",
              ],
              "type": "label",
            },
            Object {
              "instance": null,
              "key": undefined,
              "nodeType": "host",
              "props": Object {
                "className": "form-check",
                "id": "bookOnStock",
                "name": "bookOnStock",
                "placeholder": "Dostęność książki",
                "type": "checkbox",
              },
              "ref": null,
              "rendered": null,
              "type": "input",
            },
          ],
          "type": "div",
        },
        Object {
          "instance": null,
          "key": undefined,
          "nodeType": "host",
          "props": Object {
            "children": <textarea
              className="form-control"
              id="image"
              name="image"
              placeholder="Grafika"
            />,
            "className": "form-group",
          },
          "ref": null,
          "rendered": Object {
            "instance": null,
            "key": undefined,
            "nodeType": "host",
            "props": Object {
              "className": "form-control",
              "id": "image",
              "name": "image",
              "placeholder": "Grafika",
            },
            "ref": null,
            "rendered": null,
            "type": "textarea",
          },
          "type": "div",
        },
        Object {
          "instance": null,
          "key": undefined,
          "nodeType": "host",
          "props": Object {
            "children": "Dodaj",
            "className": "btn btn-success",
            "type": "submit",
          },
          "ref": null,
          "rendered": "Dodaj",
          "type": "button",
        },
      ],
      "type": "form",
    },
    "type": "div",
  },
  Symbol(enzyme.__nodes__): Array [
    Object {
      "instance": null,
      "key": undefined,
      "nodeType": "host",
      "props": Object {
        "children": <form>
          <div
            className="form-group"
          >
            <input
              className="form-control"
              id="name"
              name="name"
              placeholder="Nazwa ksiazki"
              type="text"
            />
          </div>
          <div
            className="form-group"
          >
            <input
              className="form-control"
              id="author"
              name="author"
              placeholder="Autor"
              type="text"
            />
          </div>
          <div
            className="form-group"
          >
            <textarea
              className="form-control"
              id="description"
              name="description"
              placeholder="Opis książki"
            />
          </div>
          <div
            className="form-group"
          >
            <label
              className="form-check-label"
              htmlFor="bookOnStock"
              style={
                Object {
                  "color": "white",
                }
              }
            >
              Dostępność:
               
            </label>
            <input
              className="form-check"
              id="bookOnStock"
              name="bookOnStock"
              placeholder="Dostęność książki"
              type="checkbox"
            />
          </div>
          <div
            className="form-group"
          >
            <textarea
              className="form-control"
              id="image"
              name="image"
              placeholder="Grafika"
            />
          </div>
          <button
            className="btn btn-success"
            type="submit"
          >
            Dodaj
          </button>
        </form>,
        "className": "adminpanel col-md-4",
      },
      "ref": null,
      "rendered": Object {
        "instance": null,
        "key": undefined,
        "nodeType": "host",
        "props": Object {
          "children": Array [
            <div
              className="form-group"
            >
              <input
                className="form-control"
                id="name"
                name="name"
                placeholder="Nazwa ksiazki"
                type="text"
              />
            </div>,
            <div
              className="form-group"
            >
              <input
                className="form-control"
                id="author"
                name="author"
                placeholder="Autor"
                type="text"
              />
            </div>,
            <div
              className="form-group"
            >
              <textarea
                className="form-control"
                id="description"
                name="description"
                placeholder="Opis książki"
              />
            </div>,
            <div
              className="form-group"
            >
              <label
                className="form-check-label"
                htmlFor="bookOnStock"
                style={
                  Object {
                    "color": "white",
                  }
                }
              >
                Dostępność:
                 
              </label>
              <input
                className="form-check"
                id="bookOnStock"
                name="bookOnStock"
                placeholder="Dostęność książki"
                type="checkbox"
              />
            </div>,
            <div
              className="form-group"
            >
              <textarea
                className="form-control"
                id="image"
                name="image"
                placeholder="Grafika"
              />
            </div>,
            <button
              className="btn btn-success"
              type="submit"
            >
              Dodaj
            </button>,
          ],
        },
        "ref": null,
        "rendered": Array [
          Object {
            "instance": null,
            "key": undefined,
            "nodeType": "host",
            "props": Object {
              "children": <input
                className="form-control"
                id="name"
                name="name"
                placeholder="Nazwa ksiazki"
                type="text"
              />,
              "className": "form-group",
            },
            "ref": null,
            "rendered": Object {
              "instance": null,
              "key": undefined,
              "nodeType": "host",
              "props": Object {
                "className": "form-control",
                "id": "name",
                "name": "name",
                "placeholder": "Nazwa ksiazki",
                "type": "text",
              },
              "ref": null,
              "rendered": null,
              "type": "input",
            },
            "type": "div",
          },
          Object {
            "instance": null,
            "key": undefined,
            "nodeType": "host",
            "props": Object {
              "children": <input
                className="form-control"
                id="author"
                name="author"
                placeholder="Autor"
                type="text"
              />,
              "className": "form-group",
            },
            "ref": null,
            "rendered": Object {
              "instance": null,
              "key": undefined,
              "nodeType": "host",
              "props": Object {
                "className": "form-control",
                "id": "author",
                "name": "author",
                "placeholder": "Autor",
                "type": "text",
              },
              "ref": null,
              "rendered": null,
              "type": "input",
            },
            "type": "div",
          },
          Object {
            "instance": null,
            "key": undefined,
            "nodeType": "host",
            "props": Object {
              "children": <textarea
                className="form-control"
                id="description"
                name="description"
                placeholder="Opis książki"
              />,
              "className": "form-group",
            },
            "ref": null,
            "rendered": Object {
              "instance": null,
              "key": undefined,
              "nodeType": "host",
              "props": Object {
                "className": "form-control",
                "id": "description",
                "name": "description",
                "placeholder": "Opis książki",
              },
              "ref": null,
              "rendered": null,
              "type": "textarea",
            },
            "type": "div",
          },
          Object {
            "instance": null,
            "key": undefined,
            "nodeType": "host",
            "props": Object {
              "children": Array [
                <label
                  className="form-check-label"
                  htmlFor="bookOnStock"
                  style={
                    Object {
                      "color": "white",
                    }
                  }
                >
                  Dostępność:
                   
                </label>,
                <input
                  className="form-check"
                  id="bookOnStock"
                  name="bookOnStock"
                  placeholder="Dostęność książki"
                  type="checkbox"
                />,
              ],
              "className": "form-group",
            },
            "ref": null,
            "rendered": Array [
              Object {
                "instance": null,
                "key": undefined,
                "nodeType": "host",
                "props": Object {
                  "children": Array [
                    "Dostępność:",
                    " ",
                  ],
                  "className": "form-check-label",
                  "htmlFor": "bookOnStock",
                  "style": Object {
                    "color": "white",
                  },
                },
                "ref": null,
                "rendered": Array [
                  "Dostępność:",
                  " ",
                ],
                "type": "label",
              },
              Object {
                "instance": null,
                "key": undefined,
                "nodeType": "host",
                "props": Object {
                  "className": "form-check",
                  "id": "bookOnStock",
                  "name": "bookOnStock",
                  "placeholder": "Dostęność książki",
                  "type": "checkbox",
                },
                "ref": null,
                "rendered": null,
                "type": "input",
              },
            ],
            "type": "div",
          },
          Object {
            "instance": null,
            "key": undefined,
            "nodeType": "host",
            "props": Object {
              "children": <textarea
                className="form-control"
                id="image"
                name="image"
                placeholder="Grafika"
              />,
              "className": "form-group",
            },
            "ref": null,
            "rendered": Object {
              "instance": null,
              "key": undefined,
              "nodeType": "host",
              "props": Object {
                "className": "form-control",
                "id": "image",
                "name": "image",
                "placeholder": "Grafika",
              },
              "ref": null,
              "rendered": null,
              "type": "textarea",
            },
            "type": "div",
          },
          Object {
            "instance": null,
            "key": undefined,
            "nodeType": "host",
            "props": Object {
              "children": "Dodaj",
              "className": "btn btn-success",
              "type": "submit",
            },
            "ref": null,
            "rendered": "Dodaj",
            "type": "button",
          },
        ],
        "type": "form",
      },
      "type": "div",
    },
  ],
  Symbol(enzyme.__options__): Object {
    "adapter": ReactSixteenAdapter {
      "options": Object {
        "enableComponentDidUpdateOnSetState": true,
        "lifecycles": Object {
          "componentDidUpdate": Object {
            "onSetState": true,
          },
          "getDerivedStateFromProps": true,
          "getSnapshotBeforeUpdate": true,
          "setState": Object {
            "skipsComponentDidUpdateOnNullish": true,
          },
        },
      },
    },
  },
}
`;
